[{"stream_name":"stdout","time":2.160745832,"data":"found package at /kaggle/input/datasets/nullpointeranish/daystorm-src/src\n"}
,{"stream_name":"stdout","time":2.160848737,"data":"staged -\u003e /kaggle/working/daystorm/src : ['daystorm']\n"}
,{"stream_name":"stderr","time":41.170323415,"data":"WARNING: Retrying (Retry(total=4, connect=None, read=None, redirect=None, status=None)) after connection broken by 'NewConnectionError('\u003cpip._vendor.urllib3.connection.HTTPSConnection object at 0x7f8a482fd430\u003e: Failed to establish a new connection: [Errno -3] Temporary failure in name resolution')': /simple/bitsandbytes/\n"}
,{"stream_name":"stderr","time":73.687045662,"data":"WARNING: Retrying (Retry(total=3, connect=None, read=None, redirect=None, status=None)) after connection broken by 'NewConnectionError('\u003cpip._vendor.urllib3.connection.HTTPSConnection object at 0x7f8a47de9430\u003e: Failed to establish a new connection: [Errno -3] Temporary failure in name resolution')': /simple/bitsandbytes/\n"}
,{"stream_name":"stderr","time":106.702265982,"data":"WARNING: Retrying (Retry(total=2, connect=None, read=None, redirect=None, status=None)) after connection broken by 'NewConnectionError('\u003cpip._vendor.urllib3.connection.HTTPSConnection object at 0x7f8a47de8e90\u003e: Failed to establish a new connection: [Errno -3] Temporary failure in name resolution')': /simple/bitsandbytes/\n"}
,{"stream_name":"stderr","time":140.718389445,"data":"WARNING: Retrying (Retry(total=1, connect=None, read=None, redirect=None, status=None)) after connection broken by 'NewConnectionError('\u003cpip._vendor.urllib3.connection.HTTPSConnection object at 0x7f8a47dffda0\u003e: Failed to establish a new connection: [Errno -3] Temporary failure in name resolution')': /simple/bitsandbytes/\n"}
,{"stream_name":"stderr","time":176.736843004,"data":"WARNING: Retrying (Retry(total=0, connect=None, read=None, redirect=None, status=None)) after connection broken by 'NewConnectionError('\u003cpip._vendor.urllib3.connection.HTTPSConnection object at 0x7f8a47dfca10\u003e: Failed to establish a new connection: [Errno -3] Temporary failure in name resolution')': /simple/bitsandbytes/\n"}
,{"stream_name":"stderr","time":208.760304065,"data":"ERROR: Could not find a version that satisfies the requirement bitsandbytes (from versions: none)\n"}
,{"stream_name":"stderr","time":208.760980121,"data":"ERROR: No matching distribution found for bitsandbytes\n"}
,{"stream_name":"stdout","time":215.063924133,"data":"\n"}
,{"stream_name":"stdout","time":215.063977757,"data":"==========================================================================\n"}
,{"stream_name":"stdout","time":215.063985032,"data":"hardware\n"}
,{"stream_name":"stdout","time":215.06399028,"data":"==========================================================================\n"}
,{"stream_name":"stdout","time":215.063995676,"data":"torch 2.10.0+cpu  cuda None  devices 0\n"}
,{"stream_name":"stdout","time":215.064000909,"data":"bf16 supported: n/a\n"}
,{"stream_name":"stderr","time":215.064139162,"data":"ERROR: no GPU. Enable the accelerator in notebook settings.\n"}
,{"stream_name":"stderr","time":219.129288465,"data":"/usr/local/lib/python3.12/dist-packages/mistune.py:435: SyntaxWarning: invalid escape sequence '\\|'\n"}
,{"stream_name":"stderr","time":219.129333336,"data":"  cells[i][c] = re.sub('\\\\\\\\\\|', '|', cell)\n"}
,{"stream_name":"stderr","time":219.719283264,"data":"/usr/local/lib/python3.12/dist-packages/nbconvert/filters/filter_links.py:36: SyntaxWarning: invalid escape sequence '\\_'\n"}
,{"stream_name":"stderr","time":219.719321337,"data":"  text = re.sub(r'_', '\\_', text) # Escape underscores in display text\n"}
,{"stream_name":"stderr","time":220.66072228,"data":"[NbConvertApp] Converting notebook __script__.ipynb to html\n"}
,{"stream_name":"stderr","time":222.820632772,"data":"[NbConvertApp] Writing 301720 bytes to __results__.html\n"}
]